 simulation study of power
> power
[1] 0.052 0.253 0.252 0.270 0.252
> delta
[1] 0.0 0.1 0.2 0.3 0.4

Simulation study ends at Tue Mar 17 10:25:24 2015
> plot(delta,power)
> delta
[1]  0.0 -0.1 -0.2 -0.3 -0.4
> power
[1] 0.052 0.226 0.182 0.162 0.106

Simulation study ends at Sat Mar 21 12:39:46 2015
> power
[1] 0.106 0.162 0.182 0.226 0.052 0.253 0.252 0.270 0.252
> power0
[1] 0.996 0.912 0.635 0.370 0.238 0.237 0.288 0.365 0.430


#new simulation study
> print(delta)
[1] 0.0 0.1 0.2 0.3 0.4
> print(avgCR) #censoring rate
[1] 0.21253 0.19874 0.19458 0.19506 0.19970
> print(power0) #rejection rate without censoring
[1] 0.042 0.308 0.308 0.309 0.329
> print(power) #rejection rate with censoring
[1] 0.052 0.253 0.252 0.270 0.252

print(delta)
[1] 0.5 0.6 0.7
> print(avgCR)
[1] 0.20893 0.22503 0.24952
> print(power0)
[1] 0.325 0.328 0.328
> print(power)
[1] 0.266 0.268 0.271


> print(delta)
[1] 0.8 0.9
> print(avgCR)
[1] 0.28924 0.35694
> print(power0)
[1] 0.333 0.355
> print(power)
[1] 0.247 0.245


Sadly, the above result is not correct, I got something wrong with the disturbance.

I've corrected that bug, now I am running the program again.

delta = 0.1
Average censor rate: 0.202200
 rejection rate0: 0.044000
 rejection rate: 0.047000

Replication: 1000


delta = 0.2
Average censor rate: 0.196690


 rejection rate0: 0.048000


 rejection rate: 0.049000

trueAR1
[1] -0.080  0.306 -0.050
                     Simulation Summary        
true arPrmtr are
[1] -0.080  0.306 -0.050
WARNING: the true value in the following table are wrong
     true          meanEstd       stdError     coverageRate 
     0.200 	     0.196 	     0.066 	       NaN 
     0.400 	     0.397 	     0.066 	       NaN 
    -0.280 	    -0.098 	     0.105 	       NaN 
     0.250 	     0.291 	     0.104 	       NaN 
     0.600 	     0.593 	     0.052 	       NaN

delta = 0.3
Replication: 1000


Average censor rate: 0.196550


 rejection rate0: 0.058000


 rejection rate: 0.057000

trueAR1
[1]  0.020  0.334 -0.075
                     Simulation Summary        
true arPrmtr are
[1]  0.020  0.334 -0.075
WARNING: the true value in the following table are wrong
     true          meanEstd       stdError     coverageRate 
     0.200 	     0.196 	     0.066 	       NaN 
     0.400 	     0.396 	     0.065 	       NaN 
    -0.280 	    -0.008 	     0.104 	       NaN 
     0.250 	     0.315 	     0.104 	       NaN 
     0.600 	     0.593 	     0.052 	       NaN 
Time used:
   user  system elapsed 
653.872   2.986  31.688 

----------------------------------------
delta = 0.4
Replication: 1000


Average censor rate: 0.201980


 rejection rate0: 0.073000


 rejection rate: 0.066000

trueAR1
[1]  0.120  0.362 -0.100
                     Simulation Summary        
true arPrmtr are
[1]  0.120  0.362 -0.100
WARNING: the true value in the following table are wrong
     true          meanEstd       stdError     coverageRate 
     0.200 	     0.196 	     0.066 	       NaN 
     0.400 	     0.396 	     0.064 	       NaN 
    -0.280 	     0.083 	     0.104 	       NaN 
     0.250 	     0.334 	     0.106 	       NaN 
     0.600 	     0.594 	     0.053 	       NaN 
Time used:
   user  system elapsed 
685.266   3.000  32.950 

---------------------------
delta = 0.5
Replication: 1000


Average censor rate: 0.214200


 rejection rate0: 0.086000


 rejection rate: 0.084000

trueAR1
[1]  0.220  0.390 -0.125
                     Simulation Summary        
true arPrmtr are
[1]  0.220  0.390 -0.125
WARNING: the true value in the following table are wrong
     true          meanEstd       stdError     coverageRate 
     0.200 	     0.195 	     0.065 	       NaN 
     0.400 	     0.396 	     0.063 	       NaN 
    -0.280 	     0.174 	     0.107 	       NaN 
     0.250 	     0.348 	     0.109 	       NaN 
     0.600 	     0.596 	     0.054 	       NaN 
Time used:
   user  system elapsed 
795.652   2.974  38.165 

-------------------------------
delta=0.6
Replication: 1000


Average censor rate: 0.236610


 rejection rate0: 0.130000


 rejection rate: 0.100000

trueAR1
[1]  0.320  0.418 -0.150
                     Simulation Summary        
true arPrmtr are
[1]  0.320  0.418 -0.150
WARNING: the true value in the following table are wrong
     true          meanEstd       stdError     coverageRate 
     0.200 	     0.196 	     0.065 	       NaN 
     0.400 	     0.397 	     0.062 	       NaN 
    -0.280 	     0.264 	     0.110 	       NaN 
     0.250 	     0.359 	     0.112 	       NaN 
     0.600 	     0.599 	     0.056 	       NaN 
Time used:
    user   system  elapsed 
1057.595    3.387   54.182 


--------------------------------
delta = 0.7
Replication: 1000


Average censor rate: 0.272620


 rejection rate0: 0.175000


 rejection rate: 0.090000

trueAR1
[1]  0.420  0.446 -0.175
                     Simulation Summary        
true arPrmtr are
[1]  0.420  0.446 -0.175
WARNING: the true value in the following table are wrong
     true          meanEstd       stdError     coverageRate 
     0.200 	     0.196 	     0.065 	       NaN 
     0.400 	     0.396 	     0.061 	       NaN 
    -0.280 	     0.355 	     0.116 	       NaN 
     0.250 	     0.364 	     0.118 	       NaN 
     0.600 	     0.603 	     0.059 	       NaN 
Time used:
    user   system  elapsed 
1563.885    3.109   84.593 

------------------------------
delta = 0.8
Replication: 1000


Average censor rate: 0.335930


 rejection rate0: 0.221000


 rejection rate: 0.095000

trueAR1
[1]  0.520  0.474 -0.200
                     Simulation Summary        
true arPrmtr are
[1]  0.520  0.474 -0.200
WARNING: the true value in the following table are wrong
     true          meanEstd       stdError     coverageRate 
     0.200 	     0.196 	     0.064 	       NaN 
     0.400 	     0.396 	     0.063 	       NaN 
    -0.280 	     0.447 	     0.127 	       NaN 
     0.250 	     0.366 	     0.129 	       NaN 
     0.600 	     0.607 	     0.061 	       NaN 
Time used:
    user   system  elapsed 
2922.981    3.533  153.196 

-------------------------------
delta = 0.9


-------------------------------
Simulation study ends at Mon Mar 23 01:39:18 2015
[1] 0.2 0.3 0.4 0.5 0.6 0.7 0.8
[1] 0.19669 0.19655 0.20198 0.21420 0.23661 0.27262 0.33593
[1] 0.048 0.058 0.073 0.086 0.130 0.175 0.221
[1] 0.049 0.057 0.066 0.084 0.100 0.090 0.095


Simulation study begins at Mon Mar 23 02:11:20 2015
Loading required package: matrixStats
matrixStats v0.13.1 (2015-01-21) successfully loaded. See ?matrixStats for help.
roots of polynomials of trueAR, see if it's stationary
[1]  2.636921-0i -1.516921+0i
original arPrmtr
[1] -0.28  0.25
disturbed arPrmtr
[1] -1.080  0.026  0.200
roots of polynomials of trueAR, see if it's stationary
[1] -1.250000-0i -1.516921-0i  2.636921+0i

Replication: 1000


Average censor rate: 0.561980


 rejection rate0: 0.185000


 rejection rate: 0.057000

trueAR1
[1] -1.080  0.026  0.200
                     Simulation Summary        
true arPrmtr are
[1] -1.080  0.026  0.200
WARNING: the true value in the following table are wrong
     true          meanEstd       stdError     coverageRate 
     0.200 	     0.193 	     0.077 	       NaN 
     0.400 	     0.394 	     0.079 	       NaN 
    -0.280 	    -1.108 	     0.186 	       NaN 
     0.250 	    -0.193 	     0.182 	       NaN 
     0.600 	     0.613 	     0.086 	       NaN 
Time used:
     user    system   elapsed 
16222.100     8.863   870.456 
Simulation study ends at Mon Mar 23 02:25:51 2015
Simulation study begins at Mon Mar 23 02:25:51 2015
roots of polynomials of trueAR, see if it's stationary
[1]  2.636921-0i -1.516921+0i
original arPrmtr
[1] -0.28  0.25
disturbed arPrmtr
[1] -0.980  0.054  0.175
roots of polynomials of trueAR, see if it's stationary
[1] -1.428571+0i -1.516921-0i  2.636921-0i

Replication: 1000


Average censor rate: 0.473480


 rejection rate0: 0.145000


 rejection rate: 0.061000

trueAR1
[1] -0.980  0.054  0.175
                     Simulation Summary        
true arPrmtr are
[1] -0.980  0.054  0.175
WARNING: the true value in the following table are wrong
     true          meanEstd       stdError     coverageRate 
     0.200 	     0.194 	     0.064 	       NaN 
     0.400 	     0.396 	     0.070 	       NaN 
    -0.280 	    -0.999 	     0.166 	       NaN 
     0.250 	    -0.127 	     0.163 	       NaN 
     0.600 	     0.609 	     0.075 	       NaN 
Time used:
    user   system  elapsed 
9626.797    6.313  479.988 
Simulation study ends at Mon Mar 23 02:33:51 2015
Simulation study begins at Mon Mar 23 02:33:51 2015
roots of polynomials of trueAR, see if it's stationary
[1]  2.636921-0i -1.516921+0i
original arPrmtr
[1] -0.28  0.25
disturbed arPrmtr
[1] -0.880  0.082  0.150
roots of polynomials of trueAR, see if it's stationary
[1] -1.516921+0i -1.666667-0i  2.636921+0i

Replication: 1000


Average censor rate: 0.402490


 rejection rate0: 0.117000


 rejection rate: 0.061000

trueAR1
[1] -0.880  0.082  0.150
                     Simulation Summary        
true arPrmtr are
[1] -0.880  0.082  0.150
WARNING: the true value in the following table are wrong
     true          meanEstd       stdError     coverageRate 
     0.200 	     0.195 	     0.061 	       NaN 
     0.400 	     0.396 	     0.066 	       NaN 
    -0.280 	    -0.891 	     0.151 	       NaN 
     0.250 	    -0.065 	     0.150 	       NaN 
     0.600 	     0.603 	     0.067 	       NaN 
Time used:
    user   system  elapsed 
5674.780    5.036  273.662 
Simulation study ends at Mon Mar 23 02:38:24 2015
Simulation study begins at Mon Mar 23 02:38:24 2015
roots of polynomials of trueAR, see if it's stationary
[1]  2.636921-0i -1.516921+0i
original arPrmtr
[1] -0.28  0.25
disturbed arPrmtr
[1] -0.780  0.110  0.125
roots of polynomials of trueAR, see if it's stationary
[1] -1.516921-0i -2.000000+0i  2.636921-0i

Replication: 1000


Average censor rate: 0.349330


 rejection rate0: 0.093000


 rejection rate: 0.052000

trueAR1
[1] -0.780  0.110  0.125
                     Simulation Summary        
true arPrmtr are
[1] -0.780  0.110  0.125
WARNING: the true value in the following table are wrong
     true          meanEstd       stdError     coverageRate 
     0.200 	     0.196 	     0.061 	       NaN 
     0.400 	     0.398 	     0.065 	       NaN 
    -0.280 	    -0.783 	     0.140 	       NaN 
     0.250 	    -0.003 	     0.140 	       NaN 
     0.600 	     0.602 	     0.062 	       NaN 
Time used:
    user   system  elapsed 
3565.187    4.203  176.490 
Simulation study ends at Mon Mar 23 02:41:21 2015
Simulation study begins at Mon Mar 23 02:41:21 2015
roots of polynomials of trueAR, see if it's stationary
[1]  2.636921-0i -1.516921+0i
original arPrmtr
[1] -0.28  0.25
disturbed arPrmtr
[1] -0.680  0.138  0.100
roots of polynomials of trueAR, see if it's stationary
[1] -1.516921+0i -2.500000+0i  2.636921-0i

Replication: 1000


Average censor rate: 0.304570


 rejection rate0: 0.074000


 rejection rate: 0.041000

trueAR1
[1] -0.680  0.138  0.100
                     Simulation Summary        
true arPrmtr are
[1] -0.680  0.138  0.100
WARNING: the true value in the following table are wrong
     true          meanEstd       stdError     coverageRate 
     0.200 	     0.196 	     0.061 	       NaN 
     0.400 	     0.396 	     0.064 	       NaN 
    -0.280 	    -0.680 	     0.132 	       NaN 
     0.250 	     0.051 	     0.132 	       NaN 
     0.600 	     0.598 	     0.059 	       NaN 
Time used:
    user   system  elapsed 
2389.823    3.658  121.339 
Simulation study ends at Mon Mar 23 02:43:22 2015
Simulation study begins at Mon Mar 23 02:43:22 2015
roots of polynomials of trueAR, see if it's stationary
[1]  2.636921-0i -1.516921+0i
original arPrmtr
[1] -0.28  0.25
disturbed arPrmtr
[1] -0.580  0.166  0.075
roots of polynomials of trueAR, see if it's stationary
[1] -1.516921-0i -3.333333-0i  2.636921+0i

Replication: 1000


Average censor rate: 0.272090


 rejection rate0: 0.061000


 rejection rate: 0.049000

trueAR1
[1] -0.580  0.166  0.075
                     Simulation Summary        
true arPrmtr are
[1] -0.580  0.166  0.075
WARNING: the true value in the following table are wrong
     true          meanEstd       stdError     coverageRate 
     0.200 	     0.196 	     0.062 	       NaN 
     0.400 	     0.397 	     0.062 	       NaN 
    -0.280 	    -0.579 	     0.125 	       NaN 
     0.250 	     0.102 	     0.126 	       NaN 
     0.600 	     0.596 	     0.057 	       NaN 
Time used:
    user   system  elapsed 
1719.690    3.550   82.548 
Simulation study ends at Mon Mar 23 02:44:45 2015
Simulation study begins at Mon Mar 23 02:44:45 2015
roots of polynomials of trueAR, see if it's stationary
[1]  2.636921-0i -1.516921+0i
original arPrmtr
[1] -0.28  0.25
disturbed arPrmtr
[1] -0.480  0.194  0.050
roots of polynomials of trueAR, see if it's stationary
[1] -1.516921-0i -5.000000+0i  2.636921+0i

Replication: 1000


Average censor rate: 0.244940


 rejection rate0: 0.052000


 rejection rate: 0.051000

trueAR1
[1] -0.480  0.194  0.050
                     Simulation Summary        
true arPrmtr are
[1] -0.480  0.194  0.050
WARNING: the true value in the following table are wrong
     true          meanEstd       stdError     coverageRate 
     0.200 	     0.196 	     0.063 	       NaN 
     0.400 	     0.397 	     0.063 	       NaN 
    -0.280 	    -0.479 	     0.120 	       NaN 
     0.250 	     0.149 	     0.120 	       NaN 
     0.600 	     0.594 	     0.056 	       NaN 
Time used:
    user   system  elapsed 
1280.566    3.412   62.838 
Simulation study ends at Mon Mar 23 02:45:48 2015
Simulation study begins at Mon Mar 23 02:45:48 2015
roots of polynomials of trueAR, see if it's stationary
[1]  2.636921-0i -1.516921+0i
original arPrmtr
[1] -0.28  0.25
disturbed arPrmtr
[1] -0.380  0.222  0.025
roots of polynomials of trueAR, see if it's stationary
[1]  -1.516921+0i   2.636921-0i -10.000000-0i

Replication: 1000


Average censor rate: 0.225850


 rejection rate0: 0.045000


 rejection rate: 0.053000

trueAR1
[1] -0.380  0.222  0.025
                     Simulation Summary        
true arPrmtr are
[1] -0.380  0.222  0.025
WARNING: the true value in the following table are wrong
     true          meanEstd       stdError     coverageRate 
     0.200 	     0.196 	     0.064 	       NaN 
     0.400 	     0.397 	     0.064 	       NaN 
    -0.280 	    -0.381 	     0.113 	       NaN 
     0.250 	     0.192 	     0.114 	       NaN 
     0.600 	     0.594 	     0.054 	       NaN 
Time used:
    user   system  elapsed 
1008.343    3.347   48.136 
Simulation study ends at Mon Mar 23 02:46:36 2015
Simulation study begins at Mon Mar 23 02:46:36 2015
roots of polynomials of trueAR, see if it's stationary
[1]  2.636921-0i -1.516921+0i
original arPrmtr
[1] -0.28  0.25
disturbed arPrmtr
[1] -0.28  0.25
roots of polynomials of trueAR, see if it's stationary
[1]  2.636921-0i -1.516921+0i

Replication: 1000


Average censor rate: 0.212530


 rejection rate0: 0.042000


 rejection rate: 0.052000

trueAR1
[1] -0.28  0.25
                     Simulation Summary        
     true          meanEstd       stdError     coverageRate 
     0.200 	     0.198 	     0.065 	       NaN 
     0.400 	     0.402 	     0.064 	       NaN 
    -0.280 	    -0.288 	     0.109 	       NaN 
     0.250 	     0.232 	     0.109 	       NaN 
     0.600 	     0.591 	     0.053 	       NaN 
Time used:
   user  system elapsed 
832.222   3.364  41.802 
Simulation study ends at Mon Mar 23 02:47:18 2015
Simulation study begins at Mon Mar 23 02:47:18 2015
roots of polynomials of trueAR, see if it's stationary
[1]  2.636921-0i -1.516921+0i
original arPrmtr
[1] -0.28  0.25
disturbed arPrmtr
[1] -0.180  0.278 -0.025
roots of polynomials of trueAR, see if it's stationary
[1]  2.636921-0i -1.516921+0i 10.000000+0i

Replication: 1000


Average censor rate: 0.202200


 rejection rate0: 0.044000


 rejection rate: 0.047000

trueAR1
[1] -0.180  0.278 -0.025
                     Simulation Summary        
true arPrmtr are
[1] -0.180  0.278 -0.025
WARNING: the true value in the following table are wrong
     true          meanEstd       stdError     coverageRate 
     0.200 	     0.196 	     0.066 	       NaN 
     0.400 	     0.397 	     0.066 	       NaN 
    -0.280 	    -0.191 	     0.108 	       NaN 
     0.250 	     0.262 	     0.106 	       NaN 
     0.600 	     0.593 	     0.053 	       NaN 
Time used:
   user  system elapsed 
723.949   3.184  35.964 
Simulation study ends at Mon Mar 23 02:47:54 2015
Simulation study begins at Mon Mar 23 02:47:54 2015
roots of polynomials of trueAR, see if it's stationary
[1]  2.636921-0i -1.516921+0i
original arPrmtr
[1] -0.28  0.25
disturbed arPrmtr
[1] -0.080  0.306 -0.050
roots of polynomials of trueAR, see if it's stationary
[1]  2.636921-0i -1.516921+0i  5.000000+0i

Replication: 1000


Average censor rate: 0.196690


 rejection rate0: 0.048000


 rejection rate: 0.049000

trueAR1
[1] -0.080  0.306 -0.050
                     Simulation Summary        
true arPrmtr are
[1] -0.080  0.306 -0.050
WARNING: the true value in the following table are wrong
     true          meanEstd       stdError     coverageRate 
     0.200 	     0.196 	     0.066 	       NaN 
     0.400 	     0.397 	     0.066 	       NaN 
    -0.280 	    -0.098 	     0.105 	       NaN 
     0.250 	     0.291 	     0.104 	       NaN 
     0.600 	     0.593 	     0.052 	       NaN 
Time used:
   user  system elapsed 
664.938   3.303  32.601 
Simulation study ends at Mon Mar 23 02:48:26 2015
 [1] -0.8 -0.7 -0.6 -0.5 -0.4 -0.3 -0.2 -0.1  0.0  0.1  0.2
 [1] 0.56198 0.47348 0.40249 0.34933 0.30457 0.27209 0.24494 0.22585 0.21253 0.20220 0.19669
 [1] 0.185 0.145 0.117 0.093 0.074 0.061 0.052 0.045 0.042 0.044 0.048
 [1] 0.057 0.061 0.061 0.052 0.041 0.049 0.051 0.053 0.052 0.047 0.049
delta
censorRate
power0
power

--------------------------------------------

-0.8 -0.7 -0.6 -0.5 -0.4 -0.3 -0.2 -0.1  0.0  0.1  0.2 0.3 0.4 0.5 0.6 0.7 0.8
0.56198 0.47348 0.40249 0.34933 0.30457 0.27209 0.24494 0.22585 0.21253 0.20220 0.19669 0.19655 0.20198 0.21420 0.23661 0.27262 0.33593
0.185 0.145 0.117 0.093 0.074 0.061 0.052 0.045 0.042 0.044 0.048 0.058 0.073 0.086 0.130 0.175 0.221
0.057 0.061 0.061 0.052 0.041 0.049 0.051 0.053 0.052 0.047 0.049 0.057 0.066 0.084 0.100 0.090 0.095


	0.19655 0.20198 0.21420 0.23661 0.27262 0.33593
	0.058 0.073 0.086 0.130 0.175 0.221
	0.057 0.066 0.084 0.100 0.090 0.095


 rslt
 [1] 0.042 0.045 0.047 0.050 0.042 0.045 0.038 0.045 0.044 0.050 0.042 0.038 0.044 0.050 0.046 0.056

